// Jest Snapshot v1, https://goo.gl/fbAQLP

exports[`LogIn should match snapshot 1`] = `undefined`;
