// Jest Snapshot v1, https://goo.gl/fbAQLP

exports[`Nav should match snapshot 1`] = `
ShallowWrapper {
  "length": 1,
  Symbol(enzyme.__root__): [Circular],
  Symbol(enzyme.__unrendered__): <Nav
    user={
      Object {
        "name": "Natalie",
      }
    }
  />,
  Symbol(enzyme.__renderer__): Object {
    "batchedUpdates": [Function],
    "getNode": [Function],
    "render": [Function],
    "simulateEvent": [Function],
    "unmount": [Function],
  },
  Symbol(enzyme.__node__): Object {
    "instance": null,
    "key": undefined,
    "nodeType": "host",
    "props": Object {
      "children": <nav
        className="nav-menu"
      >
        <NavLink
          activeClassName="active"
          ariaCurrent="true"
          className="nav"
          to="/"
        >
          All Movies
        </NavLink>
        <NavLink
          activeClassName="active"
          ariaCurrent="true"
          className="nav"
          to="/favorites"
        >
          Favorites
        </NavLink>
        <button
          className="logout-button"
          onClick={[Function]}
        >
          Logout
        </button>
      </nav>,
    },
    "ref": null,
    "rendered": Object {
      "instance": null,
      "key": undefined,
      "nodeType": "host",
      "props": Object {
        "children": Array [
          <NavLink
            activeClassName="active"
            ariaCurrent="true"
            className="nav"
            to="/"
          >
            All Movies
          </NavLink>,
          <NavLink
            activeClassName="active"
            ariaCurrent="true"
            className="nav"
            to="/favorites"
          >
            Favorites
          </NavLink>,
          <button
            className="logout-button"
            onClick={[Function]}
          >
            Logout
          </button>,
        ],
        "className": "nav-menu",
      },
      "ref": null,
      "rendered": Array [
        Object {
          "instance": null,
          "key": undefined,
          "nodeType": "function",
          "props": Object {
            "activeClassName": "active",
            "ariaCurrent": "true",
            "children": "All Movies",
            "className": "nav",
            "to": "/",
          },
          "ref": null,
          "rendered": "All Movies",
          "type": [Function],
        },
        Object {
          "instance": null,
          "key": undefined,
          "nodeType": "function",
          "props": Object {
            "activeClassName": "active",
            "ariaCurrent": "true",
            "children": "Favorites",
            "className": "nav",
            "to": "/favorites",
          },
          "ref": null,
          "rendered": "Favorites",
          "type": [Function],
        },
        Object {
          "instance": null,
          "key": undefined,
          "nodeType": "host",
          "props": Object {
            "children": "Logout",
            "className": "logout-button",
            "onClick": [Function],
          },
          "ref": null,
          "rendered": "Logout",
          "type": "button",
        },
      ],
      "type": "nav",
    },
    "type": "div",
  },
  Symbol(enzyme.__nodes__): Array [
    Object {
      "instance": null,
      "key": undefined,
      "nodeType": "host",
      "props": Object {
        "children": <nav
          className="nav-menu"
        >
          <NavLink
            activeClassName="active"
            ariaCurrent="true"
            className="nav"
            to="/"
          >
            All Movies
          </NavLink>
          <NavLink
            activeClassName="active"
            ariaCurrent="true"
            className="nav"
            to="/favorites"
          >
            Favorites
          </NavLink>
          <button
            className="logout-button"
            onClick={[Function]}
          >
            Logout
          </button>
        </nav>,
      },
      "ref": null,
      "rendered": Object {
        "instance": null,
        "key": undefined,
        "nodeType": "host",
        "props": Object {
          "children": Array [
            <NavLink
              activeClassName="active"
              ariaCurrent="true"
              className="nav"
              to="/"
            >
              All Movies
            </NavLink>,
            <NavLink
              activeClassName="active"
              ariaCurrent="true"
              className="nav"
              to="/favorites"
            >
              Favorites
            </NavLink>,
            <button
              className="logout-button"
              onClick={[Function]}
            >
              Logout
            </button>,
          ],
          "className": "nav-menu",
        },
        "ref": null,
        "rendered": Array [
          Object {
            "instance": null,
            "key": undefined,
            "nodeType": "function",
            "props": Object {
              "activeClassName": "active",
              "ariaCurrent": "true",
              "children": "All Movies",
              "className": "nav",
              "to": "/",
            },
            "ref": null,
            "rendered": "All Movies",
            "type": [Function],
          },
          Object {
            "instance": null,
            "key": undefined,
            "nodeType": "function",
            "props": Object {
              "activeClassName": "active",
              "ariaCurrent": "true",
              "children": "Favorites",
              "className": "nav",
              "to": "/favorites",
            },
            "ref": null,
            "rendered": "Favorites",
            "type": [Function],
          },
          Object {
            "instance": null,
            "key": undefined,
            "nodeType": "host",
            "props": Object {
              "children": "Logout",
              "className": "logout-button",
              "onClick": [Function],
            },
            "ref": null,
            "rendered": "Logout",
            "type": "button",
          },
        ],
        "type": "nav",
      },
      "type": "div",
    },
  ],
  Symbol(enzyme.__options__): Object {
    "adapter": ReactSixteenAdapter {
      "options": Object {
        "enableComponentDidUpdateOnSetState": true,
      },
    },
  },
}
`;
