// Jest Snapshot v1, https://goo.gl/fbAQLP

exports[`Movie should match snapshot 1`] = `
ShallowWrapper {
  "length": 1,
  Symbol(enzyme.__root__): [Circular],
  Symbol(enzyme.__unrendered__): <Movie />,
  Symbol(enzyme.__renderer__): Object {
    "batchedUpdates": [Function],
    "getNode": [Function],
    "render": [Function],
    "simulateEvent": [Function],
    "unmount": [Function],
  },
  Symbol(enzyme.__node__): Object {
    "instance": null,
    "key": undefined,
    "nodeType": "host",
    "props": Object {
      "children": <div
        className="full"
      >
        <div
          className="background"
          style={
            Object {
              "backgroundImage": "url(https://image.tmdb.org/t/p/w500undefined)",
            }
          }
        />
        <div
          className="description"
        >
          <h3>
            Title: 
          </h3>
          <p>
            Release Date: 
          </p>
          <p>
            Popularity: 
             %
          </p>
          <p>
            Overview: 
          </p>
          <img
            alt="favorite button"
            className="favorite-icon"
            onClick={[Function]}
            src="like.png"
          />
        </div>
      </div>,
      "className": "movie",
    },
    "ref": null,
    "rendered": Object {
      "instance": null,
      "key": undefined,
      "nodeType": "host",
      "props": Object {
        "children": Array [
          <div
            className="background"
            style={
              Object {
                "backgroundImage": "url(https://image.tmdb.org/t/p/w500undefined)",
              }
            }
          />,
          <div
            className="description"
          >
            <h3>
              Title: 
            </h3>
            <p>
              Release Date: 
            </p>
            <p>
              Popularity: 
               %
            </p>
            <p>
              Overview: 
            </p>
            <img
              alt="favorite button"
              className="favorite-icon"
              onClick={[Function]}
              src="like.png"
            />
          </div>,
        ],
        "className": "full",
      },
      "ref": null,
      "rendered": Array [
        Object {
          "instance": null,
          "key": undefined,
          "nodeType": "host",
          "props": Object {
            "className": "background",
            "style": Object {
              "backgroundImage": "url(https://image.tmdb.org/t/p/w500undefined)",
            },
          },
          "ref": null,
          "rendered": null,
          "type": "div",
        },
        Object {
          "instance": null,
          "key": undefined,
          "nodeType": "host",
          "props": Object {
            "children": Array [
              <h3>
                Title: 
              </h3>,
              <p>
                Release Date: 
              </p>,
              <p>
                Popularity: 
                 %
              </p>,
              <p>
                Overview: 
              </p>,
              <img
                alt="favorite button"
                className="favorite-icon"
                onClick={[Function]}
                src="like.png"
              />,
            ],
            "className": "description",
          },
          "ref": null,
          "rendered": Array [
            Object {
              "instance": null,
              "key": undefined,
              "nodeType": "host",
              "props": Object {
                "children": Array [
                  "Title: ",
                  undefined,
                ],
              },
              "ref": null,
              "rendered": Array [
                "Title: ",
                undefined,
              ],
              "type": "h3",
            },
            Object {
              "instance": null,
              "key": undefined,
              "nodeType": "host",
              "props": Object {
                "children": Array [
                  "Release Date: ",
                  undefined,
                ],
              },
              "ref": null,
              "rendered": Array [
                "Release Date: ",
                undefined,
              ],
              "type": "p",
            },
            Object {
              "instance": null,
              "key": undefined,
              "nodeType": "host",
              "props": Object {
                "children": Array [
                  "Popularity: ",
                  undefined,
                  " %",
                ],
              },
              "ref": null,
              "rendered": Array [
                "Popularity: ",
                undefined,
                " %",
              ],
              "type": "p",
            },
            Object {
              "instance": null,
              "key": undefined,
              "nodeType": "host",
              "props": Object {
                "children": Array [
                  "Overview: ",
                  undefined,
                ],
              },
              "ref": null,
              "rendered": Array [
                "Overview: ",
                undefined,
              ],
              "type": "p",
            },
            Object {
              "instance": null,
              "key": undefined,
              "nodeType": "host",
              "props": Object {
                "alt": "favorite button",
                "className": "favorite-icon",
                "onClick": [Function],
                "src": "like.png",
              },
              "ref": null,
              "rendered": null,
              "type": "img",
            },
          ],
          "type": "div",
        },
      ],
      "type": "div",
    },
    "type": "div",
  },
  Symbol(enzyme.__nodes__): Array [
    Object {
      "instance": null,
      "key": undefined,
      "nodeType": "host",
      "props": Object {
        "children": <div
          className="full"
        >
          <div
            className="background"
            style={
              Object {
                "backgroundImage": "url(https://image.tmdb.org/t/p/w500undefined)",
              }
            }
          />
          <div
            className="description"
          >
            <h3>
              Title: 
            </h3>
            <p>
              Release Date: 
            </p>
            <p>
              Popularity: 
               %
            </p>
            <p>
              Overview: 
            </p>
            <img
              alt="favorite button"
              className="favorite-icon"
              onClick={[Function]}
              src="like.png"
            />
          </div>
        </div>,
        "className": "movie",
      },
      "ref": null,
      "rendered": Object {
        "instance": null,
        "key": undefined,
        "nodeType": "host",
        "props": Object {
          "children": Array [
            <div
              className="background"
              style={
                Object {
                  "backgroundImage": "url(https://image.tmdb.org/t/p/w500undefined)",
                }
              }
            />,
            <div
              className="description"
            >
              <h3>
                Title: 
              </h3>
              <p>
                Release Date: 
              </p>
              <p>
                Popularity: 
                 %
              </p>
              <p>
                Overview: 
              </p>
              <img
                alt="favorite button"
                className="favorite-icon"
                onClick={[Function]}
                src="like.png"
              />
            </div>,
          ],
          "className": "full",
        },
        "ref": null,
        "rendered": Array [
          Object {
            "instance": null,
            "key": undefined,
            "nodeType": "host",
            "props": Object {
              "className": "background",
              "style": Object {
                "backgroundImage": "url(https://image.tmdb.org/t/p/w500undefined)",
              },
            },
            "ref": null,
            "rendered": null,
            "type": "div",
          },
          Object {
            "instance": null,
            "key": undefined,
            "nodeType": "host",
            "props": Object {
              "children": Array [
                <h3>
                  Title: 
                </h3>,
                <p>
                  Release Date: 
                </p>,
                <p>
                  Popularity: 
                   %
                </p>,
                <p>
                  Overview: 
                </p>,
                <img
                  alt="favorite button"
                  className="favorite-icon"
                  onClick={[Function]}
                  src="like.png"
                />,
              ],
              "className": "description",
            },
            "ref": null,
            "rendered": Array [
              Object {
                "instance": null,
                "key": undefined,
                "nodeType": "host",
                "props": Object {
                  "children": Array [
                    "Title: ",
                    undefined,
                  ],
                },
                "ref": null,
                "rendered": Array [
                  "Title: ",
                  undefined,
                ],
                "type": "h3",
              },
              Object {
                "instance": null,
                "key": undefined,
                "nodeType": "host",
                "props": Object {
                  "children": Array [
                    "Release Date: ",
                    undefined,
                  ],
                },
                "ref": null,
                "rendered": Array [
                  "Release Date: ",
                  undefined,
                ],
                "type": "p",
              },
              Object {
                "instance": null,
                "key": undefined,
                "nodeType": "host",
                "props": Object {
                  "children": Array [
                    "Popularity: ",
                    undefined,
                    " %",
                  ],
                },
                "ref": null,
                "rendered": Array [
                  "Popularity: ",
                  undefined,
                  " %",
                ],
                "type": "p",
              },
              Object {
                "instance": null,
                "key": undefined,
                "nodeType": "host",
                "props": Object {
                  "children": Array [
                    "Overview: ",
                    undefined,
                  ],
                },
                "ref": null,
                "rendered": Array [
                  "Overview: ",
                  undefined,
                ],
                "type": "p",
              },
              Object {
                "instance": null,
                "key": undefined,
                "nodeType": "host",
                "props": Object {
                  "alt": "favorite button",
                  "className": "favorite-icon",
                  "onClick": [Function],
                  "src": "like.png",
                },
                "ref": null,
                "rendered": null,
                "type": "img",
              },
            ],
            "type": "div",
          },
        ],
        "type": "div",
      },
      "type": "div",
    },
  ],
  Symbol(enzyme.__options__): Object {
    "adapter": ReactSixteenAdapter {
      "options": Object {
        "enableComponentDidUpdateOnSetState": true,
      },
    },
  },
}
`;
